[    0.000000] Linux version 4.15.0-212-generic (buildd@lcy02-amd64-083) (gcc version 7.5.0 (Ubuntu 7.5.0-3ubuntu1~18.04)) #223-Ubuntu SMP Tue May 23 13:09:22 UTC 2023 (Ubuntu 4.15.0-212.223-generic 4.15.18)
[    0.000000] Command line: BOOT_IMAGE=/boot/vmlinuz-4.15.0-212-generic root=LABEL=cloudimg-rootfs ro console=tty1 console=ttyS0
[    0.000000] KERNEL supported cpus:
[    0.000000]   Intel GenuineIntel
[    0.000000]   AMD AuthenticAMD
[    0.000000]   Centaur CentaurHauls
[    0.000000] x86/fpu: Supporting XSAVE feature 0x001: 'x87 floating point registers'
[    0.000000] x86/fpu: Supporting XSAVE feature 0x002: 'SSE registers'
[    0.000000] x86/fpu: Supporting XSAVE feature 0x004: 'AVX registers'
[    0.000000] x86/fpu: xstate_offset[2]:  576, xstate_sizes[2]:  256
[    0.000000] x86/fpu: Enabled xstate features 0x7, context size is 832 bytes, using 'standard' format.
[    0.000000] e820: BIOS-provided physical RAM map:
[    0.000000] BIOS-e820: [mem 0x0000000000000000-0x000000000009fbff] usable
[    0.000000] BIOS-e820: [mem 0x000000000009fc00-0x000000000009ffff] reserved
[    0.000000] BIOS-e820: [mem 0x00000000000f0000-0x00000000000fffff] reserved
[    0.000000] BIOS-e820: [mem 0x0000000000100000-0x000000007ffeffff] usable
[    0.000000] BIOS-e820: [mem 0x000000007fff0000-0x000000007fffffff] ACPI data
[    0.000000] BIOS-e820: [mem 0x00000000fec00000-0x00000000fec00fff] reserved
[    0.000000] BIOS-e820: [mem 0x00000000fee00000-0x00000000fee00fff] reserved
[    0.000000] BIOS-e820: [mem 0x00000000fffc0000-0x00000000ffffffff] reserved
[    0.000000] NX (Execute Disable) protection: active
[    0.000000] SMBIOS 2.5 present.
[    0.000000] DMI: innotek GmbH VirtualBox/VirtualBox, BIOS VirtualBox 12/01/2006
[    0.000000] Hypervisor detected: KVM
[    0.000000] e820: last_pfn = 0x7fff0 max_arch_pfn = 0x400000000
[    0.000000] x86/PAT: Configuration [0-7]: WB  WC  UC- UC  WB  WP  UC- WT  
[    0.000000] found SMP MP-table at [mem 0x0009fbf0-0x0009fbff]
[    0.000000] Scanning 1 areas for low memory corruption
[    0.000000] RAMDISK: [mem 0x359cb000-0x36cdcfff]
[    0.000000] ACPI: Early table checksum verification disabled
[    0.000000] ACPI: RSDP 0x00000000000E0000 000024 (v02 VBOX  )
[    0.000000] ACPI: XSDT 0x000000007FFF0030 00003C (v01 VBOX   VBOXXSDT 00000001 ASL  00000061)
[    0.000000] ACPI: FACP 0x000000007FFF00F0 0000F4 (v04 VBOX   VBOXFACP 00000001 ASL  00000061)
[    0.000000] ACPI: DSDT 0x000000007FFF0610 002353 (v02 VBOX   VBOXBIOS 00000002 INTL 20100528)
[    0.000000] ACPI: FACS 0x000000007FFF0200 000040
[    0.000000] ACPI: FACS 0x000000007FFF0200 000040
[    0.000000] ACPI: APIC 0x000000007FFF0240 00005C (v02 VBOX   VBOXAPIC 00000001 ASL  00000061)
[    0.000000] ACPI: SSDT 0x000000007FFF02A0 00036C (v01 VBOX   VBOXCPUT 00000002 INTL 20100528)
[    0.000000] ACPI: Reserving FACP table memory at [mem 0x7fff00f0-0x7fff01e3]
[    0.000000] ACPI: Reserving DSDT table memory at [mem 0x7fff0610-0x7fff2962]
[    0.000000] ACPI: Reserving FACS table memory at [mem 0x7fff0200-0x7fff023f]
[    0.000000] ACPI: Reserving FACS table memory at [mem 0x7fff0200-0x7fff023f]
[    0.000000] ACPI: Reserving APIC table memory at [mem 0x7fff0240-0x7fff029b]
[    0.000000] ACPI: Reserving SSDT table memory at [mem 0x7fff02a0-0x7fff060b]
[    0.000000] No NUMA configuration found
[    0.000000] Faking a node at [mem 0x0000000000000000-0x000000007ffeffff]
[    0.000000] NODE_DATA(0) allocated [mem 0x7ffc5000-0x7ffeffff]
[    0.000000] kvm-clock: cpu 0, msr 0:7ff44001, primary cpu clock
[    0.000000] kvm-clock: Using msrs 4b564d01 and 4b564d00
[    0.000000] kvm-clock: using sched offset of 5636557978 cycles
[    0.000000] clocksource: kvm-clock: mask: 0xffffffffffffffff max_cycles: 0x1cd42e4dffb, max_idle_ns: 881590591483 ns
[    0.000000] Zone ranges:
[    0.000000]   DMA      [mem 0x0000000000001000-0x0000000000ffffff]
[    0.000000]   DMA32    [mem 0x0000000001000000-0x000000007ffeffff]
[    0.000000]   Normal   empty
[    0.000000]   Device   empty
[    0.000000] Movable zone start for each node
[    0.000000] Early memory node ranges
[    0.000000]   node   0: [mem 0x0000000000001000-0x000000000009efff]
[    0.000000]   node   0: [mem 0x0000000000100000-0x000000007ffeffff]
[    0.000000] Reserved but unavailable: 104 pages
[    0.000000] Initmem setup node 0 [mem 0x0000000000001000-0x000000007ffeffff]
[    0.000000] ACPI: PM-Timer IO Port: 0x4008
[    0.000000] IOAPIC[0]: apic_id 2, version 32, address 0xfec00000, GSI 0-23
[    0.000000] ACPI: INT_SRC_OVR (bus 0 bus_irq 0 global_irq 2 dfl dfl)
[    0.000000] ACPI: INT_SRC_OVR (bus 0 bus_irq 9 global_irq 9 low level)
[    0.000000] Using ACPI (MADT) for SMP configuration information
[    0.000000] smpboot: Allowing 2 CPUs, 0 hotplug CPUs
[    0.000000] PM: Registered nosave memory: [mem 0x00000000-0x00000fff]
[    0.000000] PM: Registered nosave memory: [mem 0x0009f000-0x0009ffff]
[    0.000000] PM: Registered nosave memory: [mem 0x000a0000-0x000effff]
[    0.000000] PM: Registered nosave memory: [mem 0x000f0000-0x000fffff]
[    0.000000] e820: [mem 0x80000000-0xfebfffff] available for PCI devices
[    0.000000] Booting paravirtualized kernel on KVM
[    0.000000] clocksource: refined-jiffies: mask: 0xffffffff max_cycles: 0xffffffff, max_idle_ns: 7645519600211568 ns
[    0.000000] setup_percpu: NR_CPUS:8192 nr_cpumask_bits:2 nr_cpu_ids:2 nr_node_ids:1
[    0.000000] percpu: Embedded 50 pages/cpu s167936 r8192 d28672 u1048576
[    0.000000] PV qspinlock hash table entries: 256 (order: 0, 4096 bytes)
[    0.000000] Built 1 zonelists, mobility grouping on.  Total pages: 515961
[    0.000000] Policy zone: DMA32
[    0.000000] Kernel command line: BOOT_IMAGE=/boot/vmlinuz-4.15.0-212-generic root=LABEL=cloudimg-rootfs ro console=tty1 console=ttyS0
[    0.000000] Memory: 2014836K/2096696K available (12300K kernel code, 2477K rwdata, 4324K rodata, 2480K init, 2720K bss, 81860K reserved, 0K cma-reserved)
[    0.000000] SLUB: HWalign=64, Order=0-3, MinObjects=0, CPUs=2, Nodes=1
[    0.000000] Kernel/User page tables isolation: enabled
[    0.000000] ftrace: allocating 39508 entries in 155 pages
[    0.004000] Hierarchical RCU implementation.
[    0.004000] 	RCU restricting CPUs from NR_CPUS=8192 to nr_cpu_ids=2.
[    0.004000] 	Tasks RCU enabled.
[    0.004000] RCU: Adjusting geometry for rcu_fanout_leaf=16, nr_cpu_ids=2
[    0.004000] NR_IRQS: 524544, nr_irqs: 440, preallocated irqs: 16
[    0.004000] random: crng init done
[    0.004000] Console: colour VGA+ 80x25
[    0.004000] console [tty1] enabled
[    0.004000] console [ttyS0] enabled
[    0.004000] ACPI: Core revision 20170831
[    0.004000] ACPI: 2 ACPI AML tables successfully acquired and loaded
[    0.004000] APIC: Switch to symmetric I/O mode setup
[    0.004790] x2apic enabled
[    0.007401] Switched APIC routing to physical x2apic.
[    0.012000] ..TIMER: vector=0x30 apic1=0 pin1=2 apic2=-1 pin2=-1
[    0.012007] tsc: Detected 1999.999 MHz processor
[    0.016020] Calibrating delay loop (skipped) preset value.. 3999.99 BogoMIPS (lpj=7999996)
[    0.020008] pid_max: default: 32768 minimum: 301
[    0.024079] Security Framework initialized
[    0.026448] Yama: becoming mindful.
[    0.028062] AppArmor: AppArmor initialized
[    0.032409] Dentry cache hash table entries: 262144 (order: 9, 2097152 bytes)
[    0.044123] Inode-cache hash table entries: 131072 (order: 8, 1048576 bytes)
[    0.048057] Mount-cache hash table entries: 4096 (order: 3, 32768 bytes)
[    0.052054] Mountpoint-cache hash table entries: 4096 (order: 3, 32768 bytes)
[    0.056836] Last level iTLB entries: 4KB 64, 2MB 8, 4MB 8
[    0.060006] Last level dTLB entries: 4KB 64, 2MB 0, 4MB 0, 1GB 4
[    0.064008] Spectre V1 : Mitigation: usercopy/swapgs barriers and __user pointer sanitization
[    0.068007] Spectre V2 : Mitigation: Retpolines
[    0.072005] Spectre V2 : Spectre v2 / SpectreRSB mitigation: Filling RSB on context switch
[    0.076007] Spectre V2 : Spectre v2 / SpectreRSB : Filling RSB on VMEXIT
[    0.080007] Speculative Store Bypass: Vulnerable
[    0.082563] MDS: Mitigation: Clear CPU buffers
[    0.084007] MMIO Stale Data: Unknown: No mitigations
[    0.088005] SRBDS: Unknown: Dependent on hypervisor status
[    0.092092] Freeing SMP alternatives memory: 36K
[    0.206797] smpboot: CPU0: Intel(R) Core(TM) i3-5005U CPU @ 2.00GHz (family: 0x6, model: 0x3d, stepping: 0x4)
[    0.208186] Performance Events: unsupported p6 CPU model 61 no PMU driver, software events only.
[    0.212094] Hierarchical SRCU implementation.
[    0.217180] NMI watchdog: Perf event create on CPU 0 failed with -2
[    0.220007] NMI watchdog: Perf NMI watchdog permanently disabled
[    0.224129] smp: Bringing up secondary CPUs ...
[    0.227003] x86: Booting SMP configuration:
[    0.228008] .... node  #0, CPUs:      #1
[    0.004000] kvm-clock: cpu 1, msr 0:7ff44041, secondary cpu clock
[    0.238107] smp: Brought up 1 node, 2 CPUs
[    0.240012] smpboot: Max logical packages: 1
[    0.242222] smpboot: Total of 2 processors activated (7999.99 BogoMIPS)
[    0.248005] devtmpfs: initialized
[    0.250433] x86/mm: Memory block size: 128MB
[    0.253006] evm: security.selinux
[    0.254887] evm: security.SMACK64
[    0.256006] evm: security.SMACK64EXEC
[    0.258171] evm: security.SMACK64TRANSMUTE
[    0.260009] evm: security.SMACK64MMAP
[    0.264004] evm: security.apparmor
[    0.265856] evm: security.ima
[    0.268004] evm: security.capability
[    0.270284] clocksource: jiffies: mask: 0xffffffff max_cycles: 0xffffffff, max_idle_ns: 7645041785100000 ns
[    0.272033] futex hash table entries: 512 (order: 3, 32768 bytes)
[    0.275590] pinctrl core: initialized pinctrl subsystem
[    0.276299] RTC time: 10:26:04, date: 07/13/25
[    0.280451] NET: Registered protocol family 16
[    0.284380] audit: initializing netlink subsys (disabled)
[    0.288070] audit: type=2000 audit(1752402371.707:1): state=initialized audit_enabled=0 res=1
[    0.292015] cpuidle: using governor ladder
[    0.296020] cpuidle: using governor menu
[    0.298812] ACPI: bus type PCI registered
[    0.300007] acpiphp: ACPI Hot Plug PCI Controller Driver version: 0.5
[    0.304258] PCI: Using configuration type 1 for base access
[    0.312133] HugeTLB registered 2.00 MiB page size, pre-allocated 0 pages
[    0.316243] ACPI: Added _OSI(Module Device)
[    0.320032] ACPI: Added _OSI(Processor Device)
[    0.323098] ACPI: Added _OSI(3.0 _SCP Extensions)
[    0.324024] ACPI: Added _OSI(Processor Aggregator Device)
[    0.328008] ACPI: Added _OSI(Linux-Dell-Video)
[    0.332009] ACPI: Added _OSI(Linux-Lenovo-NV-HDMI-Audio)
[    0.336018] ACPI: Added _OSI(Linux-HPI-Hybrid-Graphics)
[    0.339901] ACPI: Executed 1 blocks of module-level executable AML code
[    0.363328] ACPI: Interpreter enabled
[    0.364048] ACPI: (supports S0 S5)
[    0.368011] ACPI: Using IOAPIC for interrupt routing
[    0.372407] PCI: Using host bridge windows from ACPI; if necessary, use "pci=nocrs" and report a bug
[    0.376746] ACPI: Enabled 2 GPEs in block 00 to 07
[    0.413278] ACPI: PCI Root Bridge [PCI0] (domain 0000 [bus 00-ff])
[    0.416018] acpi PNP0A03:00: _OSC: OS supports [ASPM ClockPM Segments MSI]
[    0.423061] acpi PNP0A03:00: _OSC: not requesting OS control; OS requires [ExtendedConfig ASPM ClockPM MSI]
[    0.424048] acpi PNP0A03:00: fail to add MMCONFIG information, can't access extended PCI configuration space under this bridge.
[    0.429445] PCI host bridge to bus 0000:00
[    0.431751] pci_bus 0000:00: root bus resource [io  0x0000-0x0cf7 window]
[    0.432027] pci_bus 0000:00: root bus resource [io  0x0d00-0xffff window]
[    0.436012] pci_bus 0000:00: root bus resource [mem 0x000a0000-0x000bffff window]
[    0.440010] pci_bus 0000:00: root bus resource [mem 0x80000000-0xfdffffff window]
[    0.444013] pci_bus 0000:00: root bus resource [bus 00-ff]
[    0.456694] pci 0000:00:01.1: legacy IDE quirk: reg 0x10: [io  0x01f0-0x01f7]
[    0.460000] pci 0000:00:01.1: legacy IDE quirk: reg 0x14: [io  0x03f6]
[    0.460011] pci 0000:00:01.1: legacy IDE quirk: reg 0x18: [io  0x0170-0x0177]
[    0.464012] pci 0000:00:01.1: legacy IDE quirk: reg 0x1c: [io  0x0376]
[    0.526519] pci 0000:00:07.0: quirk: [io  0x4000-0x403f] claimed by PIIX4 ACPI
[    0.528039] pci 0000:00:07.0: quirk: [io  0x4100-0x410f] claimed by PIIX4 SMB
[    0.576200] ACPI: PCI Interrupt Link [LNKA] (IRQs 5 9 10 *11)
[    0.581438] ACPI: PCI Interrupt Link [LNKB] (IRQs 5 9 *10 11)
[    0.584480] ACPI: PCI Interrupt Link [LNKC] (IRQs 5 *9 10 11)
[    0.588500] ACPI: PCI Interrupt Link [LNKD] (IRQs 5 9 10 *11)
[    0.593304] SCSI subsystem initialized
[    0.596090] pci 0000:00:02.0: vgaarb: setting as boot VGA device
[    0.599314] pci 0000:00:02.0: vgaarb: VGA device added: decodes=io+mem,owns=io+mem,locks=none
[    0.600016] pci 0000:00:02.0: vgaarb: bridge control possible
[    0.604007] vgaarb: loaded
[    0.608116] ACPI: bus type USB registered
[    0.612075] usbcore: registered new interface driver usbfs
[    0.616045] usbcore: registered new interface driver hub
[    0.619806] usbcore: registered new device driver usb
[    0.624059] EDAC MC: Ver: 3.0.0
[    0.626962] PCI: Using ACPI for IRQ routing
[    0.632015] NetLabel: Initializing
[    0.634990] NetLabel:  domain hash size = 128
[    0.636011] NetLabel:  protocols = UNLABELED CIPSOv4 CALIPSO
[    0.640096] NetLabel:  unlabeled traffic allowed by default
[    0.644183] clocksource: Switched to clocksource kvm-clock
[    0.724873] VFS: Disk quotas dquot_6.6.0
[    0.728113] VFS: Dquot-cache hash table entries: 512 (order 0, 4096 bytes)
[    0.732045] AppArmor: AppArmor Filesystem Enabled
[    0.736293] pnp: PnP ACPI init
[    0.743687] pnp: PnP ACPI: found 3 devices
[    0.758925] clocksource: acpi_pm: mask: 0xffffff max_cycles: 0xffffff, max_idle_ns: 2085701024 ns
[    0.764359] NET: Registered protocol family 2
[    0.767024] IP idents hash table entries: 32768 (order: 6, 262144 bytes)
[    0.771353] TCP established hash table entries: 16384 (order: 5, 131072 bytes)
[    0.775740] TCP bind hash table entries: 16384 (order: 6, 262144 bytes)
[    0.787773] TCP: Hash tables configured (established 16384 bind 16384)
[    0.791319] UDP hash table entries: 1024 (order: 3, 32768 bytes)
[    0.794690] UDP-Lite hash table entries: 1024 (order: 3, 32768 bytes)
[    0.798185] NET: Registered protocol family 1
[    0.800578] pci 0000:00:00.0: Limiting direct PCI/PCI transfers
[    0.804269] pci 0000:00:01.0: Activating ISA DMA hang workarounds
[    0.807684] pci 0000:00:02.0: Video device with shadowed ROM at [mem 0x000c0000-0x000dffff]
[    0.812544] Unpacking initramfs...
[    2.036452] Freeing initrd memory: 19528K
[    2.039139] clocksource: tsc: mask: 0xffffffffffffffff max_cycles: 0x39a85afc727, max_idle_ns: 881590685098 ns
[    2.045490] platform rtc_cmos: registered platform RTC device (no PNP device found)
[    2.050314] Scanning for low memory corruption every 60 seconds
[    2.064138] Initialise system trusted keyrings
[    2.066761] Key type blacklist registered
[    2.069165] workingset: timestamp_bits=36 max_order=19 bucket_order=0
[    2.077203] zbud: loaded
[    2.080425] squashfs: version 4.0 (2009/01/31) Phillip Lougher
[    2.084576] fuse init (API version 7.26)
[    2.094119] Key type asymmetric registered
[    2.096913] Asymmetric key parser 'x509' registered
[    2.099810] Block layer SCSI generic (bsg) driver version 0.4 loaded (major 246)
[    2.104611] io scheduler noop registered
[    2.106908] io scheduler deadline registered
[    2.109507] io scheduler cfq registered (default)
[    2.113189] ACPI: AC Adapter [AC] (on-line)
[    2.115682] input: Power Button as /devices/LNXSYSTM:00/LNXPWRBN:00/input/input0
[    2.120538] ACPI: Power Button [PWRF]
[    2.123209] input: Sleep Button as /devices/LNXSYSTM:00/LNXSLPBN:00/input/input1
[    2.127960] ACPI: Sleep Button [SLPF]
[    2.131923] Serial: 8250/16550 driver, 32 ports, IRQ sharing enabled
[    2.135192] ACPI: Battery Slot [BAT0] (battery present)
[    2.161429] 00:02: ttyS0 at I/O 0x3f8 (irq = 4, base_baud = 115200) is a 16550A
[    2.171634] Linux agpgart interface v0.103
[    2.175997] loop: module loaded
[    2.179553] scsi host0: ata_piix
[    2.182379] scsi host1: ata_piix
[    2.184550] ata1: PATA max UDMA/33 cmd 0x1f0 ctl 0x3f6 bmdma 0xd000 irq 14
[    2.188030] ata2: PATA max UDMA/33 cmd 0x170 ctl 0x376 bmdma 0xd008 irq 15
[    2.191844] tun: Universal TUN/TAP device driver, 1.6
[    2.195045] PPP generic driver version 2.4.2
[    2.197815] ehci_hcd: USB 2.0 'Enhanced' Host Controller (EHCI) Driver
[    2.201699] ehci-pci: EHCI PCI platform driver
[    2.204585] ehci-platform: EHCI generic platform driver
[    2.207463] ohci_hcd: USB 1.1 'Open' Host Controller (OHCI) Driver
[    2.210897] ohci-pci: OHCI PCI platform driver
[    2.213767] ohci-platform: OHCI generic platform driver
[    2.216808] uhci_hcd: USB Universal Host Controller Interface driver
[    2.220361] i8042: PNP: PS/2 Controller [PNP0303:PS2K,PNP0f03:PS2M] at 0x60,0x64 irq 1,12
[    2.226578] serio: i8042 KBD port at 0x60,0x64 irq 1
[    2.229722] serio: i8042 AUX port at 0x60,0x64 irq 12
[    2.233110] mousedev: PS/2 mouse device common for all mice
[    2.237445] input: AT Translated Set 2 keyboard as /devices/platform/i8042/serio0/input/input2
[    2.242214] rtc_cmos rtc_cmos: rtc core: registered rtc_cmos as rtc0
[    2.246044] rtc_cmos rtc_cmos: alarms up to one day, 114 bytes nvram
[    2.249534] i2c /dev entries driver
[    2.251714] device-mapper: uevent: version 1.0.3
[    2.254577] device-mapper: ioctl: 4.37.0-ioctl (2017-09-20) initialised: dm-devel@redhat.com
[    2.259811] ledtrig-cpu: registered to indicate activity on CPUs
[    2.264705] NET: Registered protocol family 10
[    2.276382] Segment Routing with IPv6
[    2.278489] NET: Registered protocol family 17
[    2.281194] Key type dns_resolver registered
[    2.283968] mce: Using 0 MCE banks
[    2.286109] RAS: Correctable Errors collector initialized.
[    2.289075] sched_clock: Marking stable (2289000560, 0)->(3048793443, -759792883)
[    2.294547] registered taskstats version 1
[    2.296994] Loading compiled-in X.509 certificates
[    2.305658] Loaded X.509 cert 'Build time autogenerated kernel key: b5b26778eaa3ab3a4a6cee031137706e947d12ad'
[    2.312664] Loaded X.509 cert 'Canonical Ltd. Live Patch Signing: 14df34d1a87cf37625abec039ef2bf521249b969'
[    2.319343] Loaded X.509 cert 'Canonical Ltd. Kernel Module Signing: 88f752e560a1e0737e31163a466ad7b70a850c19'
[    2.324925] blacklist: Loading compiled-in revocation X.509 certificates
[    2.328710] Loaded X.509 cert 'Canonical Ltd. Secure Boot Signing: 61482aa2830d0ab2ad5af10b7250da9033ddcef0'
[    2.334403] Loaded X.509 cert 'Canonical Ltd. Secure Boot Signing (2017): 242ade75ac4a15e50d50c84b0d45ff3eae707a03'
[    2.340647] Loaded X.509 cert 'Canonical Ltd. Secure Boot Signing (ESM 2018): 365188c1d374d6b07c3c8f240f8ef722433d6a8b'
[    2.346530] Loaded X.509 cert 'Canonical Ltd. Secure Boot Signing (2019): c0746fd6c5da3ae827864651ad66ae47fe24b3e8'
[    2.360232] Loaded X.509 cert 'Canonical Ltd. Secure Boot Signing (2021 v1): a8d54bbb3825cfb94fa13c9f8a594a195c107b8d'
[    2.382099] Loaded X.509 cert 'Canonical Ltd. Secure Boot Signing (2021 v2): 4cf046892d6fd3c9a5b03f98d845f90851dc6a8c'
[    2.388434] Loaded X.509 cert 'Canonical Ltd. Secure Boot Signing (2021 v3): 100437bb6de6e469b581e61cd66bce3ef4ed53af'
[    2.394395] Loaded X.509 cert 'Canonical Ltd. Secure Boot Signing (Ubuntu Core 2019): c1d57b8f6b743f23ee41f4f7ee292f06eecadfb9'
[    2.400879] zswap: loaded using pool lzo/zbud
[    2.411037] Key type big_key registered
[    2.413720] Key type trusted registered
[    2.421185] Key type encrypted registered
[    2.423825] AppArmor: AppArmor sha1 policy hashing enabled
[    2.427298] ima: No TPM chip found, activating TPM-bypass! (rc=-19)
[    2.430700] ima: Allocated hash algorithm: sha1
[    2.433569] evm: HMAC attrs: 0x1
[    2.436301]   Magic number: 1:417:426
[    2.438642] rtc_cmos rtc_cmos: setting system clock to 2025-07-13 10:26:06 UTC (1752402366)
[    2.444135] BIOS EDD facility v0.16 2004-Jun-25, 0 devices found
[    2.447204] EDD information not available.
[    2.465838] Freeing unused kernel image memory: 2480K
[    2.924741] Write protecting the kernel read-only data: 20480k
[    2.938125] Freeing unused kernel image memory: 2008K
[    2.946907] Freeing unused kernel image memory: 1820K
[    3.016437] x86/mm: Checked W+X mappings: passed, no W+X pages found.
[    3.021173] x86/mm: Checking user space page tables
[    3.082143] x86/mm: Checked W+X mappings: passed, no W+X pages found.
Loading, please wait...
starting version 237
[    3.291728] Fusion MPT base driver 3.04.20
[    3.295897] Copyright (c) 1999-2008 LSI Corporation
[    3.326458] e1000: Intel(R) PRO/1000 Network Driver - version 7.3.21-k8-NAPI
[    3.331870] e1000: Copyright (c) 1999-2006 Intel Corporation.
[    3.361904] Fusion MPT SPI Host driver 3.04.20
[    3.390542] AVX2 version of gcm_enc/dec engaged.
[    3.394419] AES CTR mode by8 optimization enabled
[    3.555787] input: ImExPS/2 Generic Explorer Mouse as /devices/platform/i8042/serio1/input/input4
[    3.950564] e1000 0000:00:03.0 eth0: (PCI:33MHz:32-bit) 02:3b:7b:b7:3b:2d
[    3.954558] e1000 0000:00:03.0 eth0: Intel(R) PRO/1000 Network Connection
[    3.961773] mptbase: ioc0: Initiating bringup
[    4.069063] ioc0: LSI53C1030 A0: Capabilities={Initiator}
[    4.323090] scsi host2: ioc0: LSI53C1030 A0, FwRev=00000000h, Ports=1, MaxQ=256, IRQ=20
[    4.506983] scsi 2:0:0:0: Direct-Access     VBOX     HARDDISK         1.0  PQ: 0 ANSI: 5
[    4.672106] scsi target2:0:0: Beginning Domain Validation
[    4.683206] scsi target2:0:0: Domain Validation skipping write tests
[    4.687876] scsi target2:0:0: Ending Domain Validation
[    4.692387] scsi target2:0:0: asynchronous
[    4.696494] scsi 2:0:1:0: Direct-Access     VBOX     HARDDISK         1.0  PQ: 0 ANSI: 5
[    5.048372] scsi target2:0:1: Beginning Domain Validation
[    5.054885] scsi target2:0:1: Domain Validation skipping write tests
[    5.059880] scsi target2:0:1: Ending Domain Validation
[    5.064201] scsi target2:0:1: asynchronous
[    5.074479] e1000 0000:00:08.0 eth1: (PCI:33MHz:32-bit) 08:00:27:c1:31:8b
[    5.078357] e1000 0000:00:08.0 eth1: Intel(R) PRO/1000 Network Connection
[    5.098922] sd 2:0:0:0: Attached scsi generic sg0 type 0
[    5.103269] sd 2:0:0:0: [sda] 83886080 512-byte logical blocks: (42.9 GB/40.0 GiB)
[    5.103511] sd 2:0:1:0: Attached scsi generic sg1 type 0
[    5.112836] sd 2:0:0:0: [sda] Write Protect is off
[    5.116591] sd 2:0:1:0: [sdb] 20480 512-byte logical blocks: (10.5 MB/10.0 MiB)
[    5.120885] sd 2:0:1:0: [sdb] Write Protect is off
[    5.123767] sd 2:0:0:0: [sda] Incomplete mode parameter data
[    5.127411] sd 2:0:0:0: [sda] Assuming drive cache: write through
[    5.131575] sd 2:0:1:0: [sdb] Incomplete mode parameter data
[    5.134726] sd 2:0:1:0: [sdb] Assuming drive cache: write through
[    5.277725]  sda: sda1
[    5.283137] sd 2:0:0:0: [sda] Attached SCSI disk
[    5.286652] sd 2:0:1:0: [sdb] Attached SCSI disk
[    5.292811] e1000 0000:00:08.0 enp0s8: renamed from eth1
[    5.321938] e1000 0000:00:03.0 enp0s3: renamed from eth0
Begin: Loading essential drivers ... [    7.936128] raid6: sse2x1   gen()  1685 MB/s
[    7.984333] raid6: sse2x1   xor()  1093 MB/s
[    8.032093] raid6: sse2x2   gen()  3359 MB/s
[    8.080069] raid6: sse2x2   xor()  1780 MB/s
[    8.128077] raid6: sse2x4   gen()  4216 MB/s
[    8.176107] raid6: sse2x4   xor()  2459 MB/s
[    8.224080] raid6: avx2x1   gen()  3359 MB/s
[    8.272093] raid6: avx2x1   xor()  1845 MB/s
[    8.320077] raid6: avx2x2   gen()  6366 MB/s
[    8.368080] raid6: avx2x2   xor()  3406 MB/s
[    8.416112] raid6: avx2x4   gen()  8488 MB/s
[    8.464077] raid6: avx2x4   xor()  4929 MB/s
[    8.466453] raid6: using algorithm avx2x4 gen() 8488 MB/s
[    8.469712] raid6: .... xor() 4929 MB/s, rmw enabled
[    8.472519] raid6: using avx2x2 recovery algorithm
[    8.479401] xor: automatically using best checksumming function   avx       
[    8.486659] async_tx: api initialized (async)
done.
Begin: Running /scripts/init-premount ... done.
Begin: Mounting root file system ... Begin: Running /scripts/local-top ... done.
Begin: Running /scripts/local-premount ... [    8.636379] Btrfs loaded, crc32c=crc32c-intel
Scanning for Btrfs filesystems
done.
Warning: fsck not present, so skipping root file system
[    8.777493] EXT4-fs (sda1): mounted filesystem with ordered data mode. Opts: (null)
done.
Begin: Running /scripts/local-bottom ... done.
Begin: Running /scripts/init-bottom ... done.
[    9.115049] ip_tables: (C) 2000-2006 Netfilter Core Team
[    9.143072] systemd[1]: systemd 237 running in system mode. (+PAM +AUDIT +SELINUX +IMA +APPARMOR +SMACK +SYSVINIT +UTMP +LIBCRYPTSETUP +GCRYPT +GNUTLS +ACL +XZ +LZ4 +SECCOMP +BLKID +ELFUTILS +KMOD -IDN2 +IDN -PCRE2 default-hierarchy=hybrid)
[    9.153766] systemd[1]: Detected virtualization oracle.
[    9.156819] systemd[1]: Detected architecture x86-64.

Welcome to [1mUbuntu 18.04.6 LTS[0m!

[    9.173083] systemd[1]: Set hostname to <ubuntu>.
[    9.180982] systemd[1]: Initializing machine ID from random generator.
[    9.184807] systemd[1]: Installed transient /etc/machine-id file.
[    9.768104] systemd[1]: Reached target System Time Synchronized.
[[0;32m  OK  [0m] Reached target System Time Synchronized.
[    9.773675] systemd[1]: Set up automount Arbitrary Executable File Formats File System Automount Point.
[[0;32m  OK  [0m] Set up automount Arbitrary Executab…rmats File System Automount Point.
[    9.786963] systemd[1]: Created slice User and Session Slice.
[[0;32m  OK  [0m] Created slice User and Session Slice.
[    9.795726] systemd[1]: Created slice System Slice.
[[0;32m  OK  [0m] Created slice System Slice.
[[0;32m  OK  [0m] Listening on udev Control Socket.
[[0;32m  OK  [0m] Listening on /dev/initctl Compatibility Named Pipe.
[[0;32m  OK  [0m] Listening on LVM2 metadata daemon socket.
[[0;32m  OK  [0m] Listening on Syslog Socket.
[[0;32m  OK  [0m] Listening on Device-mapper event daemon FIFOs.
[[0;32m  OK  [0m] Reached target Swap.
[[0;32m  OK  [0m] Reached target User and Group Name Lookups.
[[0;32m  OK  [0m] Created slice system-serial\x2dgetty.slice.
[[0;32m  OK  [0m] Listening on Network Service Netlink Socket.
[[0;32m  OK  [0m] Listening on Journal Socket (/dev/log).
[[0;32m  OK  [0m] Reached target Slices.
[[0;32m  OK  [0m] Reached target Mounting snaps.
[[0;32m  OK  [0m] Listening on Journal Audit Socket.
[[0;32m  OK  [0m] Listening on Journal Socket.
         Starting Monitoring of LVM2 mirrors…ng dmeventd or progress polling...
         Starting Load Kernel Modules...
         Starting Uncomplicated firewall...
         Mounting POSIX Message Queue File System...
         Starting Journal Service...
[[0;32m  OK  [0m] Listening on LVM2 poll daemon socket.
         Starting Set the console keyboard layout...
         Mounting Huge Pages File System...
[[0;32m  OK  [0m] Listening on fsck to fsckd communication Socket.
         Starting File System Check on Root Device...
[[0;32m  OK  [0m] Listening on udev Kernel Socket.
         Starting udev Coldplug all Devices...
         Starting Create list of required st…ce nodes for the current kernel...
         Mounting Kernel Debug File System...
[[0;32m  OK  [0m] Started Forward Password Requests to Wall Directory Watch.
[[0;32m  OK  [0m] Reached target Mounted snaps.
[[0;32m  OK  [0m] Started Uncomplicated firewall.
[[0;32m  OK  [0m] Mounted POSIX Message Queue File System.
[[0;32m  OK  [0m] Mounted Huge Pages File System.
[[0;32m  OK  [0m] Mounted Kernel Debug File System.
[   10.017168] Loading iSCSI transport class v2.0-870.
[[0;32m  OK  [0m] Started LVM2 metadata daemon.
[[0;32m  OK  [0m] Started File System Check Daemon to report status.
[[0;32m  OK  [0m] Started Create list of required sta…vice nodes for the current kernel.
         Starting Create Static Device Nodes in /dev...
[   10.123462] iscsi: registered transport (tcp)
[[0;32m  OK  [0m] Started Journal Service.
[[0;32m  OK  [0m] Started Create Static Device Nodes in /dev.
[[0;32m  OK  [0m] Started Monitoring of LVM2 mirrors,…sing dmeventd or progress polling.
[[0;32m  OK  [0m] Started File System Check on Root Device.
         Starting Remount Root and Kernel File Systems...
[[0;32m  OK  [0m] Started udev Coldplug all Devices.
[   10.304463] iscsi: registered transport (iser)
[[0;32m  OK  [0m] Started Load Kernel Modules.
         Mounting FUSE Control File System...
         Starting Apply Kernel Variables...
         Mounting Kernel Configuration File System...
[[0;32m  OK  [0m] Mounted FUSE Control File System.
[[0;32m  OK  [0m] Mounted Kernel Configuration File System.
[   10.362387] EXT4-fs (sda1): re-mounted. Opts: (null)
[[0;32m  OK  [0m] Started Remount Root and Kernel File Systems.
         Starting Flush Journal to Persistent Storage...
         Starting Load/Save Random Seed...
         Starting udev Kernel Device Manager...
[[0;32m  OK  [0m] Started Apply Kernel Variables.
[[0;32m  OK  [0m] Started Load/Save Random Seed.
[[0;32m  OK  [0m] Started udev Kernel Device Manager.
[[0;32m  OK  [0m] Started Flush Journal to Persistent Storage.
[[0;32m  OK  [0m] Found device /dev/ttyS0.
[[0;32m  OK  [0m] Listening on Load/Save RF Kill Switch Status /dev/rfkill Watch.
         Mounting Arbitrary Executable File Formats File System...
[[0;32m  OK  [0m] Mounted Arbitrary Executable File Formats File System.
[[0;32m  OK  [0m] Started Set the console keyboard layout.
[[0;32m  OK  [0m] Reached target Local File Systems (Pre).
[[0;32m  OK  [0m] Reached target Local File Systems.
         Starting ebtables ruleset management...
         Starting AppArmor initialization...
         Starting Set console font and keymap...
         Starting Create Volatile Files and Directories...
         Starting Commit a transient machine-id on disk...
         Starting Tell Plymouth To Write Out Runtime Data...
[[0;32m  OK  [0m] Started Dispatch Password Requests to Console Directory Watch.
[[0;32m  OK  [0m] Reached target Local Encrypted Volumes.
[[0;32m  OK  [0m] Started Tell Plymouth To Write Out Runtime Data.
[[0;32m  OK  [0m] Started Commit a transient machine-id on disk.
[[0;32m  OK  [0m] Started Create Volatile Files and Directories.
         Starting Update UTMP about System Boot/Shutdown...
[[0;32m  OK  [0m] Started Update UTMP about System Boot/Shutdown.
[[0;32m  OK  [0m] Started ebtables ruleset management.
[[0;32m  OK  [0m] Started Set console font and keymap.
[[0;32m  OK  [0m] Started AppArmor initialization.
         Starting Initial cloud-init job (pre-networking)...
         Starting Load AppArmor profiles managed internally by snapd...
[[0;32m  OK  [0m] Started Load AppArmor profiles managed internally by snapd.
[   23.394228] cloud-init[810]: Cloud-init v. 23.1.2-0ubuntu0~18.04.1 running 'init-local' at Sun, 13 Jul 2025 10:26:25 +0000. Up 21.90 seconds.
[[0;32m  OK  [0m] Started Initial cloud-init job (pre-networking).
[[0;32m  OK  [0m] Reached target Network (Pre).
         Starting Network Service...
[[0;32m  OK  [0m] Started Network Service.
         Starting Network Name Resolution...
         Starting Wait for Network to be Configured...
[[0;32m  OK  [0m] Started Network Name Resolution.
[[0;32m  OK  [0m] Reached target Network.
[[0;32m  OK  [0m] Reached target Host and Network Name Lookups.
[[0;32m  OK  [0m] Started Wait for Network to be Configured.
         Starting Initial cloud-init job (metadata service crawler)...
[   28.463873] cloud-init[935]: Cloud-init v. 23.1.2-0ubuntu0~18.04.1 running 'init' at Sun, 13 Jul 2025 10:26:31 +0000. Up 27.74 seconds.
[   28.479025] cloud-init[935]: ci-info: ++++++++++++++++++++++++++++++++++++++++++++Net device info++++++++++++++++++++++++++++++++++++++++++++
[   28.487907] cloud-init[935]: ci-info: +--------+-------+---------------------------------------+---------------+--------+-------------------+
[   28.498117] cloud-init[935]: ci-info: | Device |   Up  |                Address                |      Mask     | Scope  |     Hw-Address    |
[   28.510219] cloud-init[935]: ci-info: +--------+-------+---------------------------------------+---------------+--------+-------------------+
[   28.520722] cloud-init[935]: ci-info: | enp0s3 |  True |               10.0.2.15               | 255.255.255.0 | global | 02:3b:7b:b7:3b:2d |
[   28.548438] cloud-init[935]: ci-info: | enp0s3 |  True | fd17:625c:f037:2:3b:7bff:feb7:3b2d/64 |       .       | global | 02:3b:7b:b7:3b:2d |
[   28.560800] cloud-init[935]: ci-info: | enp0s3 |  True |       fe80::3b:7bff:feb7:3b2d/64      |       .       |  link  | 02:3b:7b:b7:3b:2d |
[   28.570098] cloud-init[935]: ci-info: | enp0s8 | False |                   .                   |       .       |   .    | 08:00:27:c1:31:8b |
[   28.588703] cloud-init[935]: ci-info: |   lo   |  True |               127.0.0.1               |   255.0.0.0   |  host  |         .         |
[   28.595433] cloud-init[935]: ci-info: |   lo   |  True |                ::1/128                |       .       |  host  |         .         |
[   28.604265] cloud-init[935]: ci-info: +--------+-------+---------------------------------------+---------------+--------+-------------------+
[   28.612902] cloud-init[935]: ci-info: ++++++++++++++++++++++++++++Route IPv4 info+++++++++++++++++++++++++++++
[   28.620752] cloud-init[935]: ci-info: +-------+-------------+----------+-----------------+-----------+-------+
[   28.627261] cloud-init[935]: ci-info: | Route | Destination | Gateway  |     Genmask     | Interface | Flags |
[   28.641275] cloud-init[935]: ci-info: +-------+-------------+----------+-----------------+-----------+-------+
[   28.645651] cloud-init[935]: ci-info: |   0   |   0.0.0.0   | 10.0.2.2 |     0.0.0.0     |   enp0s3  |   UG  |
[   28.653472] cloud-init[935]: ci-info: |   1   |   10.0.2.0  | 0.0.0.0  |  255.255.255.0  |   enp0s3  |   U   |
[   28.658753] cloud-init[935]: ci-info: |   2   |   10.0.2.2  | 0.0.0.0  | 255.255.255.255 |   enp0s3  |   UH  |
[   28.663842] cloud-init[935]: ci-info: +-------+-------------+----------+-----------------+-----------+-------+
[   28.669715] cloud-init[935]: ci-info: ++++++++++++++++++++++++Route IPv6 info++++++++++++++++++++++++
[   28.676004] cloud-init[935]: ci-info: +-------+-----------------------+---------+-----------+-------+
[   28.693191] cloud-init[935]: ci-info: | Route |      Destination      | Gateway | Interface | Flags |
[   28.698865] cloud-init[935]: ci-info: +-------+-----------------------+---------+-----------+-------+
[   28.704838] cloud-init[935]: ci-info: |   1   | fd17:625c:f037:2::/64 |    ::   |   enp0s3  |   U   |
[   28.712942] cloud-init[935]: ci-info: |   2   |       fe80::/64       |    ::   |   enp0s3  |   U   |
[   28.720808] cloud-init[935]: ci-info: |   3   |          ::/0         | fe80::2 |   enp0s3  |   UG  |
[   28.727414] cloud-init[935]: ci-info: |   5   |         local         |    ::   |   enp0s3  |   U   |
[   28.740303] cloud-init[935]: ci-info: |   6   |         local         |    ::   |   enp0s3  |   U   |
[   28.748525] cloud-init[935]: ci-info: |   7   |        ff00::/8       |    ::   |   enp0s3  |   U   |
[   28.753050] cloud-init[935]: ci-info: +-------+-----------------------+---------+-----------+-------+
[   30.185998] cloud-init[935]: Generating public/private rsa key pair.
[   30.193104] cloud-init[935]: Your identification has been saved in /etc/ssh/ssh_host_rsa_key.
[   30.198533] cloud-init[935]: Your public key has been saved in /etc/ssh/ssh_host_rsa_key.pub.
[   30.204173] cloud-init[935]: The key fingerprint is:
[   30.206581] cloud-init[935]: SHA256:CONVAhK47NP1g0MX43qKMv5rVqMGRU2cndO+g+gN7C8 root@ubuntu-bionic
[   30.216841] cloud-init[935]: The key's randomart image is:
[   30.220774] cloud-init[935]: +---[RSA 2048]----+
[   30.224753] cloud-init[935]: | .o.=o+ +        |
[   30.228693] cloud-init[935]: |.  o + O .       |
[   30.232624] cloud-init[935]: |... o o =        |
[   30.236359] cloud-init[935]: |.. o * + .       |
[   30.239161] cloud-init[935]: |. o = B S .      |
[   30.242098] cloud-init[935]: | + . X = o       |
[   30.245009] cloud-init[935]: |  o * B . .      |
[   30.247863] cloud-init[935]: | o * E .         |
[   30.251275] cloud-init[935]: |..Bo. o.         |
[   30.254684] cloud-init[935]: +----[SHA256]-----+
[   30.257651] cloud-init[935]: Generating public/private dsa key pair.
[   30.261381] cloud-init[935]: Your identification has been saved in /etc/ssh/ssh_host_dsa_key.
[   30.267560] cloud-init[935]: Your public key has been saved in /etc/ssh/ssh_host_dsa_key.pub.
[   30.272661] cloud-init[935]: The key fingerprint is:
[   30.275806] cloud-init[935]: SHA256:ThRme5hUC5/eG2h63gm98E5NWQHH+c71xcAJOcZqrYA root@ubuntu-bionic
[   30.280755] cloud-init[935]: The key's randomart image is:
[   30.284679] cloud-init[935]: +---[DSA 1024]----+
[   30.288652] cloud-init[935]: |        *....=o+.|
[   30.291850] cloud-init[935]: |       + B o= =o.|
[   30.296128] cloud-init[935]: |       .= =+ . oo|
[   30.299242] cloud-init[935]: |      E..ooo.  o=|
[   30.303389] cloud-init[935]: |        So+.o oo+|
[   30.306828] cloud-init[935]: |       o o.. =  +|
[   30.309835] cloud-init[935]: |        o + + .  |
[   30.312825] cloud-init[935]: |         o * o   |
[   30.317452] cloud-init[935]: |          ..*    |
[   30.322617] cloud-init[935]: +----[SHA256]-----+
[   30.327249] cloud-init[935]: Generating public/private ecdsa key pair.
[   30.331335] cloud-init[935]: Your identification has been saved in /etc/ssh/ssh_host_ecdsa_key.
[   30.340311] cloud-init[935]: Your public key has been saved in /etc/ssh/ssh_host_ecdsa_key.pub.
[   30.346424] cloud-init[935]: The key fingerprint is:
[   30.351872] cloud-init[935]: SHA256:RX0kGMkAOT4y4Ja0wvdObiDM0sDdNkFSiKGyGd4+G4s root@ubuntu-bionic
[   30.356382] cloud-init[935]: The key's randomart image is:
[   30.356692] cloud-init[935]: +---[ECDSA 256]---+
[   30.359778] cloud-init[935]: | .o.+o.o.oo=...  |
[   30.363748] cloud-init[935]: |..o...o  .+ ...  |
[   30.365561] cloud-init[935]: [[0;32m  OK  [0m] |*o.+....  .  .   |
Started Initial cloud-init job (metadata service crawler).
[   30.366816] cloud-init[935]: |=**oo+o  .       |
[   30.375070] cloud-init[935]: |=*..oo..S        |
[   30.377401] cloud-init[935]: |.+o. o           |
[[0;32m  OK  [0m] [   30.380612] Reached target System Initialization.cloud-init
[935]: |. .+=            |
[[0;32m  OK  [0m] Listening on ACPID Listen Socket.
[[0;32m  OK  [0m] Started Ubuntu Advantage Timer for running repeated jobs.
[[0;32m  OK  [0m] Listening on Open-iSCSI iscsid Socket.
[[0;32m  OK  [0m[   30.393835] cloud-init[935]: ] Started Discard unused blocks once a week.
[[0;32m  OK  [0m|  . =+           |
] Started Daily apt download activities.
[   30.417420] [[0;32m  OK  [0m] Started Message of the Day.
[[0;32m  OK  [0m] Started Daily apt upgrade and clean activities.
[[0;32m  OK  [0m] Listening on cloud-init hotplug hook socket.
         Starting Socket activation for snappy daemon.
[[0;32m  OK  [0m] Listening on UUID daemon activation socket.
cloud-init[935]: | E o.            |
[   30.436503] cloud-init[935]: +----[SHA256]-----+
[[0;32m  OK  [0m] Started ACPI Events Check.
[[0;32m  OK  [0m] Reached target Paths.
[[0;32m  OK  [0m] Listening on D-Bus System Message Bus Socket.
[   30.445692] cloud-init[935]: Generating public/private ed25519 key pair.         Starting LXD - unix socket.
[[0;32m  OK  [0m] Started Daily Cleanup of Temporary Directories.
[[0;32m  OK  [0m] Reached target Timers.
[[0;32m  OK  [0m] Reached target Network is Online.

         Starting Availability of block devices...
[[0;32m  OK  [0m] Reached target Remote File Systems (Pre).
[[0;32m  OK  [0m] Reached target Remote File Systems.
[[0;32m  OK  [0m] Reached target Cloud-config availability.
[[0;32m  OK  [0m] Listening on Socket activation for snappy daemon.
[[0;32m  OK  [0m] Listening on LXD - unix socket.
[[0;32m  OK  [0m] Started Availability of block devices.
[[0;32m  OK  [0m] Reached target Sockets.
[[0;32m  OK  [0m] Reached target Basic System.
[   30.498758] cloud-init[935]: Your identification has been saved in /etc/ssh/ssh_host_ed25519_key.
[   30.555600] [[0;32m  OK  [0m] Started D-Bus System Message Bus.
cloud-init[935]: Your public key has been saved in /etc/ssh/ssh_host_ed25519_key.pub.
[   30.576493] cloud-init[935]: The key fingerprint is:
[   30.580955] cloud-init[935]: SHA256:Dfc/FBWZkjm5bIXGaly+OU8sBWg8x5TYx+8ZQnCXg04 root@ubuntu-bionic
[   30.585506] cloud-init[935]: The key's randomart image is:
[   30.593104] cloud-init[935]: +--[ED25519 256]--+
[   30.597395] cloud-init[935]: |          ..OoOo*|
[   30.601284] cloud-init[935]: |           *.E.X |
[   30.606425] cloud-init[935]: |        . + % O o|
[   30.620489] cloud-init[935]: |         + = B +.|
[   30.623487] cloud-init[935]: |        S o o B.o|
[   30.626628] cloud-init[935]: |             B +.|
[   30.629795] cloud-init[935]: |              B  |
[   30.633315] cloud-init[935]: |               o |
[   30.637163] cloud-init[935]: |                 |
[   30.640380] cloud-init[935]: +----[SHA256]-----+
[[0;32m  OK  [0m] Reached target Login Prompts (Pre).
         Starting Login Service...
         Starting System Logging Service...
         Starting Pollinate to seed the pseudo random number generator...
         Starting Permit User Sessions...
[[0;32m  OK  [0m] Started Deferred execution scheduler.
         Starting LSB: automatic crash report generation...
         Starting Virtualbox guest utils...
[[0;32m  OK  [0m] Started FUSE filesystem for LXC.
         Starting LXD - container startup/shutdown...
[[0;32m  OK  [0m] Started Regular background program processing daemon.
[[0;32m  OK  [0m] Started irqbalance daemon.
         Starting Dispatcher daemon for systemd-networkd...
         Starting LSB: Record successful boot for GRUB...
         Starting Accounts Service...
         Starting Snap Daemon...
[[0;32m  OK  [0m] Started System Logging Service.
[[0;32m  OK  [0m] Started Permit User Sessions.
[[0;32m  OK  [0m] Started Login Service.
[[0;32m  OK  [0m] Started Unattended Upgrades Shutdown.
         Starting Hostname Service...
         Starting Hold until boot process finishes up...
         Starting Terminate Plymouth Boot Screen...
[[0;32m  OK  [0m] Started Hold until boot process finishes up.
[[0;32m  OK  [0m] Started Serial Getty on ttyS0.
         Starting Set console scheme...
[[0;32m  OK  [0m] Started Terminate Plymouth Boot Screen.
[[0;32m  OK  [0m] Started LSB: automatic crash report generation.
[[0;32m  OK  [0m] Started Set console scheme.
[[0;32m  OK  [0m] Created slice system-getty.slice.
[[0;32m  OK  [0m] Started Getty on tty1.
[[0;32m  OK  [0m] Reached target Login Prompts.
[[0;32m  OK  [0m] Started LSB: Record successful boot for GRUB.
         Starting Authorization Manager...
[[0;32m  OK  [0m] Started Hostname Service.
[[0;32m  OK  [0m] Started Authorization Manager.
[[0;32m  OK  [0m] Started Accounts Service.
[[0;32m  OK  [0m] Started Virtualbox guest utils.
[[0;32m  OK  [0m] Started LXD - container startup/shutdown.
[[0;32m  OK  [0m] Started Dispatcher daemon for systemd-networkd.
[[0;32m  OK  [0m] Started Snap Daemon.
         Starting Wait until snapd is fully seeded...
[[0;32m  OK  [0m] Started Pollinate to seed the pseudo random number generator.
         Starting OpenBSD Secure Shell server...
[[0;32m  OK  [0m] Started OpenBSD Secure Shell server.
[[0;32m  OK  [0m] Created slice User Slice of vagrant.
         Starting User Manager for UID 1000...
[[0;32m  OK  [0m] Started Session 1 of user vagrant.
[[0;32m  OK  [0m] Started User Manager for UID 1000.

Ubuntu 18.04.6 LTS ubuntu-bionic ttyS0

ubuntu-bionic login: [   46.034851] cloud-init[1527]: Cloud-init v. 23.1.2-0ubuntu0~18.04.1 running 'modules:config' at Sun, 13 Jul 2025 10:26:47 +0000. Up 43.39 seconds.
ci-info: no authorized SSH keys fingerprints found for user ubuntu.
<14>Jul 13 10:26:53 cloud-init: #############################################################
<14>Jul 13 10:26:53 cloud-init: -----BEGIN SSH HOST KEY FINGERPRINTS-----
<14>Jul 13 10:26:53 cloud-init: 1024 SHA256:ThRme5hUC5/eG2h63gm98E5NWQHH+c71xcAJOcZqrYA root@ubuntu-bionic (DSA)
<14>Jul 13 10:26:53 cloud-init: 256 SHA256:RX0kGMkAOT4y4Ja0wvdObiDM0sDdNkFSiKGyGd4+G4s root@ubuntu-bionic (ECDSA)
<14>Jul 13 10:26:53 cloud-init: 256 SHA256:Dfc/FBWZkjm5bIXGaly+OU8sBWg8x5TYx+8ZQnCXg04 root@ubuntu-bionic (ED25519)
<14>Jul 13 10:26:53 cloud-init: 2048 SHA256:CONVAhK47NP1g0MX43qKMv5rVqMGRU2cndO+g+gN7C8 root@ubuntu-bionic (RSA)
<14>Jul 13 10:26:53 cloud-init: -----END SSH HOST KEY FINGERPRINTS-----
<14>Jul 13 10:26:53 cloud-init: #############################################################
-----BEGIN SSH HOST KEY KEYS-----
ecdsa-sha2-nistp256 AAAAE2VjZHNhLXNoYTItbmlzdHAyNTYAAAAIbmlzdHAyNTYAAABBBOEnVyX5RHBHdK8ZaTrj3PZhRrad5ZGNymwatggKpt3cpvz6qAzIM9MsHvjA5NoyIm/0M4dwEAYqH0v5jVPUkuo= root@ubuntu-bionic
ssh-ed25519 AAAAC3NzaC1lZDI1NTE5AAAAIDHf1Y5cagk4hi9KOv8UuxoghOfPfVyff3mt3CrEP1Bp root@ubuntu-bionic
ssh-rsa AAAAB3NzaC1yc2EAAAADAQABAAABAQC/2USWbYPFEfAUwJ7WC9bY1cwujl+0ccrnvhFFuMriKRoysM8ba8YZkPmGaHWuvghWE4OnFHzChR1qWMYjhqwXQ1f881gqQYJk43SCbGPWnDj2V2IR+3d2u3XiUMvquh+nM9yrfhRhjJolQ1uR94c7ejBwy6l4eZgj7oNWmwvoGuOG2tG+Ie3ELBscyYEUGUjMljk8H44SdjrOH5K/5Am9Vk1JLSkreCIE7/QgWZ7LKLQNIwZw2Vp//Bcusim7CAn7WWBW447EXsiq8vSKmc+g8J+EKNUH3ahJykkgDQDh0N5LZxYNaWPGrWoTvKOL+uhEDx33cNhkSY+K3uxITm1V root@ubuntu-bionic
-----END SSH HOST KEY KEYS-----
[   49.459947] cloud-init[1683]: Cloud-init v. 23.1.2-0ubuntu0~18.04.1 running 'modules:final' at Sun, 13 Jul 2025 10:26:52 +0000. Up 48.09 seconds.
[   49.471649] cloud-init[1683]: Cloud-init v. 23.1.2-0ubuntu0~18.04.1 finished at Sun, 13 Jul 2025 10:26:53 +0000. Datasource DataSourceNoCloud [seed=/dev/sdb][dsmode=net].  Up 49.41 seconds
[[0;32m  OK  [0m] Stopped target Timers.
[[0;32m  OK  [0m] Stopped Discard unused blocks once a week.
[[0;32m  OK  [0m] Stopped target Cloud-init target.
         Stopping Session 7 of user vagrant.
[[0;32m  OK  [0m] Closed Load/Save RF Kill Switch Status /dev/rfkill Watch.
[[0;32m  OK  [0m] Stopped Execute cloud user/final scripts.
[[0;32m  OK  [0m] Stopped Daily Cleanup of Temporary Directories.
[[0;32m  OK  [0m] Stopped Daily apt upgrade and clean activities.
[[0;32m  OK  [0m] Stopped Daily apt download activities.
         Stopping User Manager for UID 1000...
[[0;32m  OK  [0m] Stopped Apply the settings specified in cloud-config.
[[0;32m  OK  [0m] Stopped target Cloud-config availability.
         Stopping Availability of block devices...
[[0;32m  OK  [0m] Stopped Clean PHP session files every 30 mins.
[[0;32m  OK  [0m] Stopped Ubuntu Advantage Timer for running repeated jobs.
[[0;32m  OK  [0m] Stopped Message of the Day.
[[0;32m  OK  [0m] Stopped target System Time Synchronized.
         Stopping Authorization Manager...
[[0;32m  OK  [0m] Stopped target Graphical Interface.
[[0;32m  OK  [0m] Stopped target Multi-User System.
         Stopping FUSE filesystem for LXC...
         Stopping Regular background program processing daemon...
         Stopping irqbalance daemon...
         Stopping MySQL Community Server...
         Stopping LXD - container startup/shutdown...
[[0;32m  OK  [0m] Stopped Wait until snapd is fully seeded.
         Stopping Virtualbox guest utils...
         Stopping System Logging Service...
[[0;3         Stopping The Apache HTTP Server...
         Stopping Deferred execution scheduler...
         Stopping D-Bus System Message Bus...
         Stopping OpenBSD Secure Shell server...
         Stopping LSB: Record successful boot for GRUB...
         Stopping Accounts Service...
         Stopping LSB: automatic crash report generation...
         Stopping Dispatcher daemon for systemd-networkd...
[[0;32m  OK  [0m] Unmounted /var/lib/lxcfs.
[[0;32m  OK  [0m] Stopped System Logging Service.
[[0;32m  OK  [0m] Stopped Deferred execution scheduler.
[[0;32m  OK  [0m] Stopped Regular background program processing daemon.
[[0;32m  OK  [0m] Stopped irqbalance daemon.
[[0;32m  OK  [0m] Stopped Dispatcher daemon for systemd-networkd.
[[0;32m  OK  [0m] Stopped Accounts Service.
[[0;32m  OK  [0m] Stopped Serial Getty on ttyS0.
[[0;32m  OK  [0m] Stopped Getty on tty1.
[[0;32m  OK  [0m] Stopped Authorization Manager.
[[0;32m  OK  [0m] Stopped OpenBSD Secure Shell server.
[[0;32m  OK  [0m] Stopped User Manager for UID 1000.
[[0;32m  OK  [0m] Stopped D-Bus System Message Bus.
[[0;32m  OK  [0m] Stopped FUSE filesystem for LXC.
[[0;32m  OK  [0m] Stopped Session 7 of user vagrant.
[[0;32m  OK  [0m] Stopped LXD - container startup/shutdown.
[[0;32m  OK  [0m] Removed slice User Slice of vagrant.
         Stopping Login Service...
[[0;32m  OK  [0m] Removed slice system-getty.slice.
[[0;32m  OK  [0m] Stopped target Login Prompts (Pre).
         Stopping Permit User Sessions...
[[0;32m  OK  [0m] Removed slice system-serial\x2dgetty.slice.
[[0;32m  OK  [0m] Stopped Availability of block devices.
[[0;32m  OK  [0m] Stopped LSB: Record successful boot for GRUB.
[[0;32m  OK  [0m] Stopped LSB: automatic crash report generation.
[[0;32m  OK  [0m] Stopped Permit User Sessions.
[[0;32m  OK  [0m] Stopped Login Service.
[[0;32m  OK  [0m] Stopped target User and Group Name Lookups.
[[0;32m  OK  [0m] Stopped Virtualbox guest utils.
[[0;32m  OK  [0m] Stopped The Apache HTTP Server.
[[0;32m  OK  [0m] Stopped target Remote File Systems.
         Unmounting /vagrant...
[[0;32m  OK  [0m] Stopped target Host and Network Name Lookups.
[[0;32m  OK  [0m] Stopped MySQL Community Server.
[[0;32m  OK  [0m] Stopped target Basic System.
[[0;32m  OK  [0m] Stopped target Slices.
[[0;32m  OK  [0m] Removed slice User and Session Slice.
[[0;32m  OK  [0m] Stopped target Paths.
[[0;32m  OK  [0m] Stopped ACPI Events Check.
[[0;32m  OK  [0m] Stopped target Sockets.
[[0;32m  OK  [0m] Closed UUID daemon activation socket.
[[0;32m  OK  [0m] Closed Syslog Socket.
[[0;32m  OK  [0m] Closed cloud-init hotplug hook socket.
[[0;32m  OK  [0m] Closed Open-iSCSI iscsid Socket.
[[0;32m  OK  [0m] Closed Socket activation for snappy daemon.
[[0;32m  OK  [0m] Closed ACPID Listen Socket.
[[0;32m  OK  [0m] Closed D-Bus System Message Bus Socket.
[[0;32m  OK  [0m] Closed LXD - unix socket.
[[0;32m  OK  [0m] Stopped target System Initialization.
         Stopping Update UTMP about System Boot/Shutdown...
[[0;32m  OK  [0m] Stopped target Local Encrypted Volumes.
[[0;32m  OK  [0m] Stopped Forward Password Requests to Wall Directory Watch.
[[0;32m  OK  [0m] Stopped Dispatch Password Requests to Console Directory Watch.
         Stopping Load/Save Random Seed...
[[0;32m  OK  [0m] Stopped Commit a transient machine-id on disk.
[[0;32m  OK  [0m] Unmounted /vagrant.
[[0;32m  OK  [0m] Stopped Load/Save Random Seed.
[[0;32m  OK  [0m] Stopped target Remote File Systems (Pre).
[[0;32m  OK  [0m] Stopped target Network is Online.
[[0;32m  OK  [0m] Stopped target Network.
         Stopping Network Name Resolution...
[[0;32m  OK  [0m] Stopped Initial cloud-init job (metadata service crawler).
[[0;32m  OK  [0m] Stopped Update UTMP about System Boot/Shutdown.
[[0;32m  OK  [0m] Stopped Network Name Resolution.
         Stopping Network Service...
[[0;32m  OK  [0m] Stopped Create Volatile Files and Directories.
[[0;32m  OK  [0m] Stopped target Local File Systems.
[[0;32m  OK  [0m] Stopped target Mounted snaps.
[[0;32m  OK  [0m] Stopped target Mounting snaps.
         Unmounting /run/user/1000...
[[0;32m  OK  [0m] Unmounted /run/user/1000.
[[0;32m  OK  [0m] Reached target Unmount All Filesystems.
[[0;32m  OK  [0m] Stopped target Local File Systems (Pre).
         Stopping Monitoring of LVM2 mirrors…ng dmeventd or progress polling...
[[0;32m  OK  [0m] Stopped Create Static Device Nodes in /dev.
[[0;32m  OK  [0m] Stopped target Swap.
[[0;32m  OK  [0m] Stopped Network Service.
[[0;32m  OK  [0m] Stopped Apply Kernel Variables.
[[0;32m  OK  [0m] Stopped Load Kernel Modules.
[[0;32m  OK  [0m] Stopped target Network (Pre).
[[0;32m  OK  [0m] Stopped Initial cloud-init job (pre-networking).
[[0;32m  OK  [0m] Stopped Remount Root and Kernel File Systems.
[[0;32m  OK  [0m] Reached target Shutdown.
[[0;32m  OK  [0m] Reached target Final Step.
         Starting Power-Off...
[[0;32m  OK  [0m] Stopped Monitoring of LVM2 mirrors,…sing dmeventd or progress polling.
         Stopping LVM2 metadata daemon...
[[0;32m  OK  [0m] Stopped LVM2 metadata daemon.
[  764.581107] reboot: Power down
